
*** Running vivado
    with args -log layer1_coeff_in2_out0.vds -m64 -product Vivado -mode batch -messageDb vivado.pb -notrace -source layer1_coeff_in2_out0.tcl


ECHO 处于关闭状态。
ECHO 处于关闭状态。

****** Vivado v2023.2 (64-bit)
  **** SW Build 4029153 on Fri Oct 13 20:14:34 MDT 2023
  **** IP Build 4028589 on Sat Oct 14 00:45:43 MDT 2023
  **** SharedData Build 4025554 on Tue Oct 10 17:18:54 MDT 2023
    ** Copyright 1986-2022 Xilinx, Inc. All Rights Reserved.
    ** Copyright 2022-2023 Advanced Micro Devices, Inc. All Rights Reserved.

source layer1_coeff_in2_out0.tcl -notrace
create_project: Time (s): cpu = 00:00:05 ; elapsed = 00:00:06 . Memory (MB): peak = 472.715 ; gain = 181.598
INFO: [IP_Flow 19-6924] IPCACHE: Running cache check for IP inst: layer1_coeff_in2_out0
INFO: [IP_Flow 19-6922] IPCACHE: Exporting cached entry 05f7379a1c3d7d58 to dir: D:/KAN/FPGA_Prj/KAN_V1/KAN_V1.runs/layer1_coeff_in2_out0_synth_1
INFO: [IP_Flow 19-6928] IPCACHE: copied cached file d:/KAN/FPGA_Prj/KAN_V1/KAN_V1.cache/ip/2023.2/0/5/05f7379a1c3d7d58/layer1_coeff_in2_out0.dcp to D:/KAN/FPGA_Prj/KAN_V1/KAN_V1.runs/layer1_coeff_in2_out0_synth_1/layer1_coeff_in2_out0.dcp.
INFO: [IP_Flow 19-6928] IPCACHE: copied cached file d:/KAN/FPGA_Prj/KAN_V1/KAN_V1.cache/ip/2023.2/0/5/05f7379a1c3d7d58/layer1_coeff_in2_out0_sim_netlist.v to D:/KAN/FPGA_Prj/KAN_V1/KAN_V1.runs/layer1_coeff_in2_out0_synth_1/layer1_coeff_in2_out0_sim_netlist.v.
INFO: [IP_Flow 19-6928] IPCACHE: copied cached file d:/KAN/FPGA_Prj/KAN_V1/KAN_V1.cache/ip/2023.2/0/5/05f7379a1c3d7d58/layer1_coeff_in2_out0_sim_netlist.vhdl to D:/KAN/FPGA_Prj/KAN_V1/KAN_V1.runs/layer1_coeff_in2_out0_synth_1/layer1_coeff_in2_out0_sim_netlist.vhdl.
INFO: [IP_Flow 19-6928] IPCACHE: copied cached file d:/KAN/FPGA_Prj/KAN_V1/KAN_V1.cache/ip/2023.2/0/5/05f7379a1c3d7d58/layer1_coeff_in2_out0_stub.v to D:/KAN/FPGA_Prj/KAN_V1/KAN_V1.runs/layer1_coeff_in2_out0_synth_1/layer1_coeff_in2_out0_stub.v.
INFO: [IP_Flow 19-6928] IPCACHE: copied cached file d:/KAN/FPGA_Prj/KAN_V1/KAN_V1.cache/ip/2023.2/0/5/05f7379a1c3d7d58/layer1_coeff_in2_out0_stub.vhdl to D:/KAN/FPGA_Prj/KAN_V1/KAN_V1.runs/layer1_coeff_in2_out0_synth_1/layer1_coeff_in2_out0_stub.vhdl.
INFO: [IP_Flow 19-4838] Using cached IP synthesis design for IP layer1_coeff_in2_out0, cache-ID = 05f7379a1c3d7d58.
INFO: [Common 17-206] Exiting Vivado at Sat Jan 10 05:27:55 2026...
